---
source: src/resolver/mod.rs
expression: out
---
gsm=2.2.2 (git(url: https://github.com/Gilead-BioStats/gsm, sha: somethinglikeasha, directory: None, tag: Some("v2.2.2"), branch: None), type=source, path='', from_lockfile=false, from_remote=false, env_vars=[])
broom=1.0.7 (repository(url: http://posit/), type=source, path='', from_lockfile=false, from_remote=false, env_vars=[])
cli=3.6.3 (repository(url: http://posit/), type=source, path='', from_lockfile=false, from_remote=false, env_vars=[])
DBI=1.2.3 (repository(url: http://posit/), type=source, path='', from_lockfile=false, from_remote=false, env_vars=[])
dbplyr=2.5.0 (repository(url: http://posit/), type=source, path='', from_lockfile=false, from_remote=false, env_vars=[])
dplyr=1.1.4 (repository(url: http://posit/), type=source, path='', from_lockfile=false, from_remote=false, env_vars=[])
ggplot2=3.5.1 (repository(url: http://posit/), type=source, path='', from_lockfile=false, from_remote=false, env_vars=[])
glue=1.8.0 (repository(url: http://posit/), type=source, path='', from_lockfile=false, from_remote=false, env_vars=[])
gt=0.11.1 (repository(url: http://posit/), type=source, path='', from_lockfile=false, from_remote=false, env_vars=[])
htmltools=0.5.8.1 (repository(url: http://posit/), type=source, path='', from_lockfile=false, from_remote=false, env_vars=[])
htmlwidgets=1.6.4 (repository(url: http://posit/), type=source, path='', from_lockfile=false, from_remote=false, env_vars=[])
jsonlite=1.8.9 (repository(url: http://posit/), type=source, path='', from_lockfile=false, from_remote=false, env_vars=[])
lifecycle=1.0.4 (repository(url: http://posit/), type=source, path='', from_lockfile=false, from_remote=false, env_vars=[])
log4r=0.4.4 (repository(url: http://posit/), type=source, path='', from_lockfile=false, from_remote=false, env_vars=[])
magrittr=2.0.3 (repository(url: http://posit/), type=source, path='', from_lockfile=false, from_remote=false, env_vars=[])
purrr=1.0.2 (repository(url: http://posit/), type=source, path='', from_lockfile=false, from_remote=false, env_vars=[])
rlang=1.1.4 (repository(url: http://posit/), type=source, path='', from_lockfile=false, from_remote=false, env_vars=[])
stringr=1.5.1 (repository(url: http://posit/), type=source, path='', from_lockfile=false, from_remote=false, env_vars=[])
tibble=3.2.1 (repository(url: http://posit/), type=source, path='', from_lockfile=false, from_remote=false, env_vars=[])
tidyr=1.3.1 (repository(url: http://posit/), type=source, path='', from_lockfile=false, from_remote=false, env_vars=[])
yaml=2.3.10 (repository(url: http://posit/), type=source, path='', from_lockfile=false, from_remote=false, env_vars=[])
clindata=1.0.5 (git(url: https://github.com/Gilead-BioStats/clindata, sha: somethinglikeasha, directory: None, tag: None, branch: None), type=source, path='', from_lockfile=false, from_remote=true, env_vars=[])
covr=3.6.4 (repository(url: http://posit/), type=source, path='', from_lockfile=false, from_remote=false, env_vars=[])
DT=0.33 (repository(url: http://posit/), type=source, path='', from_lockfile=false, from_remote=false, env_vars=[])
duckdb=1.1.3-1 (repository(url: http://posit/), type=source, path='', from_lockfile=false, from_remote=false, env_vars=[])
fontawesome=0.5.3 (repository(url: http://posit/), type=source, path='', from_lockfile=false, from_remote=false, env_vars=[])
gggenes=0.5.1 (repository(url: http://posit/), type=source, path='', from_lockfile=false, from_remote=false, env_vars=[])
ggiraph=0.8.11 (repository(url: http://posit/), type=source, path='', from_lockfile=false, from_remote=false, env_vars=[])
here=1.0.1 (repository(url: http://posit/), type=source, path='', from_lockfile=false, from_remote=false, env_vars=[])
knitr=1.49 (repository(url: http://posit/), type=source, path='', from_lockfile=false, from_remote=false, env_vars=[])
lamW=2.2.4 (repository(url: http://posit/), type=source, path='', from_lockfile=false, from_remote=false, env_vars=[])
lubridate=1.9.4 (repository(url: http://posit/), type=source, path='', from_lockfile=false, from_remote=false, env_vars=[])
pander=0.6.5 (repository(url: http://posit/), type=source, path='', from_lockfile=false, from_remote=false, env_vars=[])
pkgdown=2.1.1 (repository(url: http://posit/), type=source, path='', from_lockfile=false, from_remote=false, env_vars=[])
riskmetric=0.2.4 (repository(url: http://posit/), type=source, path='', from_lockfile=false, from_remote=false, env_vars=[])
rmarkdown=2.29 (repository(url: http://posit/), type=source, path='', from_lockfile=false, from_remote=false, env_vars=[])
roxygen2=7.3.2 (repository(url: http://posit/), type=source, path='', from_lockfile=false, from_remote=false, env_vars=[])
safetyData=1.0.0 (repository(url: http://posit/), type=source, path='', from_lockfile=false, from_remote=false, env_vars=[])
styler=1.10.3 (repository(url: http://posit/), type=source, path='', from_lockfile=false, from_remote=false, env_vars=[])
testthat=3.2.2 (repository(url: http://posit/), type=source, path='', from_lockfile=false, from_remote=false, env_vars=[])
usethis=3.1.0 (repository(url: http://posit/), type=source, path='', from_lockfile=false, from_remote=false, env_vars=[])
withr=3.0.2 (repository(url: http://posit/), type=source, path='', from_lockfile=false, from_remote=false, env_vars=[])
backports=1.5.0 (repository(url: http://posit/), type=source, path='', from_lockfile=false, from_remote=false, env_vars=[])
generics=0.1.3 (repository(url: http://posit/), type=source, path='', from_lockfile=false, from_remote=false, env_vars=[])
blob=1.2.4 (repository(url: http://posit/), type=source, path='', from_lockfile=false, from_remote=false, env_vars=[])
pillar=1.9.0 (repository(url: http://posit/), type=source, path='', from_lockfile=false, from_remote=false, env_vars=[])
R6=2.5.1 (repository(url: http://posit/), type=source, path='', from_lockfile=false, from_remote=false, env_vars=[])
tidyselect=1.2.1 (repository(url: http://posit/), type=source, path='', from_lockfile=false, from_remote=false, env_vars=[])
vctrs=0.6.5 (repository(url: http://posit/), type=source, path='', from_lockfile=false, from_remote=false, env_vars=[])
gtable=0.3.6 (repository(url: http://posit/), type=source, path='', from_lockfile=false, from_remote=false, env_vars=[])
isoband=0.2.7 (repository(url: http://posit/), type=source, path='', from_lockfile=false, from_remote=false, env_vars=[])
MASS=7.3-60 (builtin, type=binary, path='', from_lockfile=false, from_remote=false, env_vars=[])
mgcv=1.9-1 (repository(url: http://posit/), type=source, path='', from_lockfile=false, from_remote=false, env_vars=[])
scales=1.3.0 (repository(url: http://posit/), type=source, path='', from_lockfile=false, from_remote=false, env_vars=[])
base64enc=0.1-3 (repository(url: http://posit/), type=source, path='', from_lockfile=false, from_remote=false, env_vars=[])
bigD=0.3.0 (repository(url: http://posit/), type=source, path='', from_lockfile=false, from_remote=false, env_vars=[])
bitops=1.0-9 (repository(url: http://posit/), type=source, path='', from_lockfile=false, from_remote=false, env_vars=[])
commonmark=1.9.2 (repository(url: http://posit/), type=source, path='', from_lockfile=false, from_remote=false, env_vars=[])
fs=1.6.5 (repository(url: http://posit/), type=source, path='', from_lockfile=false, from_remote=false, env_vars=[])
juicyjuice=0.1.0 (repository(url: http://posit/), type=source, path='', from_lockfile=false, from_remote=false, env_vars=[])
markdown=1.13 (repository(url: http://posit/), type=source, path='', from_lockfile=false, from_remote=false, env_vars=[])
reactable=0.4.4 (repository(url: http://posit/), type=source, path='', from_lockfile=false, from_remote=false, env_vars=[])
sass=0.4.9 (repository(url: http://posit/), type=source, path='', from_lockfile=false, from_remote=false, env_vars=[])
xml2=1.3.6 (repository(url: http://posit/), type=source, path='', from_lockfile=false, from_remote=false, env_vars=[])
digest=0.6.37 (repository(url: http://posit/), type=source, path='', from_lockfile=false, from_remote=false, env_vars=[])
fastmap=1.2.0 (repository(url: http://posit/), type=source, path='', from_lockfile=false, from_remote=false, env_vars=[])
stringi=1.8.4 (repository(url: http://posit/), type=source, path='', from_lockfile=false, from_remote=false, env_vars=[])
fansi=1.0.6 (repository(url: http://posit/), type=source, path='', from_lockfile=false, from_remote=false, env_vars=[])
pkgconfig=2.0.3 (repository(url: http://posit/), type=source, path='', from_lockfile=false, from_remote=false, env_vars=[])
cpp11=0.5.1 (repository(url: http://posit/), type=source, path='', from_lockfile=false, from_remote=false, env_vars=[])
arrow=18.1.0 (repository(url: http://posit/), type=source, path='', from_lockfile=false, from_remote=false, env_vars=[])
data.table=1.16.4 (repository(url: http://posit/), type=source, path='', from_lockfile=false, from_remote=false, env_vars=[])
readr=2.1.5 (repository(url: http://posit/), type=source, path='', from_lockfile=false, from_remote=false, env_vars=[])
rex=1.2.1 (repository(url: http://posit/), type=source, path='', from_lockfile=false, from_remote=false, env_vars=[])
httr=1.4.7 (repository(url: http://posit/), type=source, path='', from_lockfile=false, from_remote=false, env_vars=[])
crayon=1.5.3 (repository(url: http://posit/), type=source, path='', from_lockfile=false, from_remote=false, env_vars=[])
httpuv=1.6.15 (repository(url: http://posit/), type=source, path='', from_lockfile=false, from_remote=false, env_vars=[])
crosstalk=1.2.1 (repository(url: http://posit/), type=source, path='', from_lockfile=false, from_remote=false, env_vars=[])
jquerylib=0.1.4 (repository(url: http://posit/), type=source, path='', from_lockfile=false, from_remote=false, env_vars=[])
promises=1.3.2 (repository(url: http://posit/), type=source, path='', from_lockfile=false, from_remote=false, env_vars=[])
ggfittext=0.10.2 (repository(url: http://posit/), type=source, path='', from_lockfile=false, from_remote=false, env_vars=[])
Rcpp=1.0.13-1 (repository(url: http://posit/), type=source, path='', from_lockfile=false, from_remote=false, env_vars=[])
systemfonts=1.1.0 (repository(url: http://posit/), type=source, path='', from_lockfile=false, from_remote=false, env_vars=[])
uuid=1.2-1 (repository(url: http://posit/), type=source, path='', from_lockfile=false, from_remote=false, env_vars=[])
rprojroot=2.0.4 (repository(url: http://posit/), type=source, path='', from_lockfile=false, from_remote=false, env_vars=[])
evaluate=1.0.1 (repository(url: http://posit/), type=source, path='', from_lockfile=false, from_remote=false, env_vars=[])
highr=0.11 (repository(url: http://posit/), type=source, path='', from_lockfile=false, from_remote=false, env_vars=[])
xfun=0.49 (repository(url: http://posit/), type=source, path='', from_lockfile=false, from_remote=false, env_vars=[])
RcppParallel=5.1.9 (repository(url: http://posit/), type=source, path='', from_lockfile=false, from_remote=false, env_vars=[])
timechange=0.3.0 (repository(url: http://posit/), type=source, path='', from_lockfile=false, from_remote=false, env_vars=[])
bslib=0.8.0 (repository(url: http://posit/), type=source, path='', from_lockfile=false, from_remote=false, env_vars=[])
callr=3.7.6 (repository(url: http://posit/), type=source, path='', from_lockfile=false, from_remote=false, env_vars=[])
desc=1.4.3 (repository(url: http://posit/), type=source, path='', from_lockfile=false, from_remote=false, env_vars=[])
downlit=0.4.4 (repository(url: http://posit/), type=source, path='', from_lockfile=false, from_remote=false, env_vars=[])
httr2=1.0.7 (repository(url: http://posit/), type=source, path='', from_lockfile=false, from_remote=false, env_vars=[])
openssl=2.2.2 (repository(url: http://posit/), type=source, path='', from_lockfile=false, from_remote=false, env_vars=[])
ragg=1.3.3 (repository(url: http://posit/), type=source, path='', from_lockfile=false, from_remote=false, env_vars=[])
whisker=0.4.1 (repository(url: http://posit/), type=source, path='', from_lockfile=false, from_remote=false, env_vars=[])
curl=6.0.1 (repository(url: http://posit/), type=source, path='', from_lockfile=false, from_remote=false, env_vars=[])
urltools=1.7.3 (repository(url: http://posit/), type=source, path='', from_lockfile=false, from_remote=false, env_vars=[])
memoise=2.0.1 (repository(url: http://posit/), type=source, path='', from_lockfile=false, from_remote=false, env_vars=[])
BiocManager=1.30.25 (repository(url: http://posit/), type=source, path='', from_lockfile=false, from_remote=false, env_vars=[])
cranlogs=2.1.1 (repository(url: http://posit/), type=source, path='', from_lockfile=false, from_remote=false, env_vars=[])
pkgload=1.4.0 (repository(url: http://posit/), type=source, path='', from_lockfile=false, from_remote=false, env_vars=[])
devtools=2.4.5 (repository(url: http://posit/), type=source, path='', from_lockfile=false, from_remote=false, env_vars=[])
tinytex=0.54 (repository(url: http://posit/), type=source, path='', from_lockfile=false, from_remote=false, env_vars=[])
brew=1.0-10 (repository(url: http://posit/), type=source, path='', from_lockfile=false, from_remote=false, env_vars=[])
R.cache=0.16.0 (repository(url: http://posit/), type=source, path='', from_lockfile=false, from_remote=false, env_vars=[])
brio=1.1.5 (repository(url: http://posit/), type=source, path='', from_lockfile=false, from_remote=false, env_vars=[])
praise=1.0.0 (repository(url: http://posit/), type=source, path='', from_lockfile=false, from_remote=false, env_vars=[])
processx=3.8.4 (repository(url: http://posit/), type=source, path='', from_lockfile=false, from_remote=false, env_vars=[])
ps=1.8.1 (repository(url: http://posit/), type=source, path='', from_lockfile=false, from_remote=false, env_vars=[])
waldo=0.6.1 (repository(url: http://posit/), type=source, path='', from_lockfile=false, from_remote=false, env_vars=[])
clipr=0.8.0 (repository(url: http://posit/), type=source, path='', from_lockfile=false, from_remote=false, env_vars=[])
gert=2.1.4 (repository(url: http://posit/), type=source, path='', from_lockfile=false, from_remote=false, env_vars=[])
gh=1.4.1 (repository(url: http://posit/), type=source, path='', from_lockfile=false, from_remote=false, env_vars=[])
rappdirs=0.3.3 (repository(url: http://posit/), type=source, path='', from_lockfile=false, from_remote=false, env_vars=[])
rstudioapi=0.17.1 (repository(url: http://posit/), type=source, path='', from_lockfile=false, from_remote=false, env_vars=[])
utf8=1.2.4 (repository(url: http://posit/), type=source, path='', from_lockfile=false, from_remote=false, env_vars=[])
nlme=3.1-166 (repository(url: http://posit/), type=source, path='', from_lockfile=false, from_remote=false, env_vars=[])
Matrix=1.7-1 (repository(url: http://posit/), type=source, path='', from_lockfile=false, from_remote=false, env_vars=[])
farver=2.1.2 (repository(url: http://posit/), type=source, path='', from_lockfile=false, from_remote=false, env_vars=[])
labeling=0.4.3 (repository(url: http://posit/), type=source, path='', from_lockfile=false, from_remote=false, env_vars=[])
munsell=0.5.1 (repository(url: http://posit/), type=source, path='', from_lockfile=false, from_remote=false, env_vars=[])
RColorBrewer=1.1-3 (repository(url: http://posit/), type=source, path='', from_lockfile=false, from_remote=false, env_vars=[])
viridisLite=0.4.2 (repository(url: http://posit/), type=source, path='', from_lockfile=false, from_remote=false, env_vars=[])
V8=6.0.0 (repository(url: http://posit/), type=source, path='', from_lockfile=false, from_remote=false, env_vars=[])
reactR=0.6.1 (repository(url: http://posit/), type=source, path='', from_lockfile=false, from_remote=false, env_vars=[])
assertthat=0.2.1 (repository(url: http://posit/), type=source, path='', from_lockfile=false, from_remote=false, env_vars=[])
bit64=4.5.2 (repository(url: http://posit/), type=source, path='', from_lockfile=false, from_remote=false, env_vars=[])
hms=1.1.3 (repository(url: http://posit/), type=source, path='', from_lockfile=false, from_remote=false, env_vars=[])
vroom=1.6.5 (repository(url: http://posit/), type=source, path='', from_lockfile=false, from_remote=false, env_vars=[])
tzdb=0.4.0 (repository(url: http://posit/), type=source, path='', from_lockfile=false, from_remote=false, env_vars=[])
lazyeval=0.2.2 (repository(url: http://posit/), type=source, path='', from_lockfile=false, from_remote=false, env_vars=[])
mime=0.12 (repository(url: http://posit/), type=source, path='', from_lockfile=false, from_remote=false, env_vars=[])
later=1.4.1 (repository(url: http://posit/), type=source, path='', from_lockfile=false, from_remote=false, env_vars=[])
shades=1.4.0 (repository(url: http://posit/), type=source, path='', from_lockfile=false, from_remote=false, env_vars=[])
gridtext=0.1.5 (repository(url: http://posit/), type=source, path='', from_lockfile=false, from_remote=false, env_vars=[])
cachem=1.1.0 (repository(url: http://posit/), type=source, path='', from_lockfile=false, from_remote=false, env_vars=[])
askpass=1.2.1 (repository(url: http://posit/), type=source, path='', from_lockfile=false, from_remote=false, env_vars=[])
textshaping=0.4.1 (repository(url: http://posit/), type=source, path='', from_lockfile=false, from_remote=false, env_vars=[])
triebeard=0.4.1 (repository(url: http://posit/), type=source, path='', from_lockfile=false, from_remote=false, env_vars=[])
pkgbuild=1.4.5 (repository(url: http://posit/), type=source, path='', from_lockfile=false, from_remote=false, env_vars=[])
ellipsis=0.3.2 (repository(url: http://posit/), type=source, path='', from_lockfile=false, from_remote=false, env_vars=[])
miniUI=0.1.1.1 (repository(url: http://posit/), type=source, path='', from_lockfile=false, from_remote=false, env_vars=[])
profvis=0.4.0 (repository(url: http://posit/), type=source, path='', from_lockfile=false, from_remote=false, env_vars=[])
rcmdcheck=1.4.0 (repository(url: http://posit/), type=source, path='', from_lockfile=false, from_remote=false, env_vars=[])
remotes=2.5.0 (repository(url: http://posit/), type=source, path='', from_lockfile=false, from_remote=false, env_vars=[])
rversions=2.1.2 (repository(url: http://posit/), type=source, path='', from_lockfile=false, from_remote=false, env_vars=[])
sessioninfo=1.2.2 (repository(url: http://posit/), type=source, path='', from_lockfile=false, from_remote=false, env_vars=[])
urlchecker=1.0.1 (repository(url: http://posit/), type=source, path='', from_lockfile=false, from_remote=false, env_vars=[])
R.methodsS3=1.8.2 (repository(url: http://posit/), type=source, path='', from_lockfile=false, from_remote=false, env_vars=[])
R.oo=1.27.0 (repository(url: http://posit/), type=source, path='', from_lockfile=false, from_remote=false, env_vars=[])
R.utils=2.12.3 (repository(url: http://posit/), type=source, path='', from_lockfile=false, from_remote=false, env_vars=[])
diffobj=0.3.5 (repository(url: http://posit/), type=source, path='', from_lockfile=false, from_remote=false, env_vars=[])
credentials=2.0.2 (repository(url: http://posit/), type=source, path='', from_lockfile=false, from_remote=false, env_vars=[])
sys=3.4.3 (repository(url: http://posit/), type=source, path='', from_lockfile=false, from_remote=false, env_vars=[])
zip=2.3.1 (repository(url: http://posit/), type=source, path='', from_lockfile=false, from_remote=false, env_vars=[])
gitcreds=0.1.2 (repository(url: http://posit/), type=source, path='', from_lockfile=false, from_remote=false, env_vars=[])
ini=0.3.1 (repository(url: http://posit/), type=source, path='', from_lockfile=false, from_remote=false, env_vars=[])
lattice=0.22-6 (repository(url: http://posit/), type=source, path='', from_lockfile=false, from_remote=false, env_vars=[])
colorspace=2.1-1 (repository(url: http://posit/), type=source, path='', from_lockfile=false, from_remote=false, env_vars=[])
bit=4.5.0.1 (repository(url: http://posit/), type=source, path='', from_lockfile=false, from_remote=false, env_vars=[])
progress=1.2.3 (repository(url: http://posit/), type=source, path='', from_lockfile=false, from_remote=false, env_vars=[])
png=0.1-8 (repository(url: http://posit/), type=source, path='', from_lockfile=false, from_remote=false, env_vars=[])
jpeg=0.1-10 (repository(url: http://posit/), type=source, path='', from_lockfile=false, from_remote=false, env_vars=[])
shiny=1.10.0 (repository(url: http://posit/), type=source, path='', from_lockfile=false, from_remote=false, env_vars=[])
prettyunits=1.2.0 (repository(url: http://posit/), type=source, path='', from_lockfile=false, from_remote=false, env_vars=[])
xopen=1.0.1 (repository(url: http://posit/), type=source, path='', from_lockfile=false, from_remote=false, env_vars=[])
xtable=1.8-4 (repository(url: http://posit/), type=source, path='', from_lockfile=false, from_remote=false, env_vars=[])
sourcetools=0.1.7-1 (repository(url: http://posit/), type=source, path='', from_lockfile=false, from_remote=false, env_vars=[])
