---
source: src/renv.rs
expression: out
---
{ name = "ghqc", git = "https://github.com/a2-ai/ghqc", commit = "55c23eb6a444542dab742d3d37c7b65af7b12e38" }
{ name = "rv.git.pkgA", path = "src/tests/renv/rv.git.pkgA_0.0.0.9000.tar.gz" }
{ name = "simpar", repository = "gh-pkg-mirror" }
--- unresolved --- 
`R6` could not be resolved due to: "Package version (2.5.0) not found in repositories. Found version 2.5.1 in https://cran-binary"
`slurmtools` could not be resolved due to: "Package not found in repositories"
`unknown_pkg` could not be resolved due to: "Source (unknown) is not supported"
